0 1781409721.498689212
1 1781409721.869371175
2 1781409722.078399664
3 1781409722.358962632
4 1781409722.537641164
5 1781409722.804527945
6 1781409723.152976942
7 1781409723.309627242
8 1781409723.779420909
9 1781409724.112961297
10 1781409724.421160941
11 1781409724.797687954
12 1781409725.179159748
13 1781409725.573969233
14 1781409725.845875988
15 1781409726.121117736
16 1781409726.364054200
17 1781409726.533492309
18 1781409726.815619395
19 1781409727.059009978
20 1781409727.469993954
21 1781409727.677931783
22 1781409727.897056852
23 1781409728.305713865
24 1781409728.455771771
25 1781409728.853843617
26 1781409729.021455111
27 1781409729.354542491
28 1781409729.560957762
29 1781409729.800711646
30 1781409730.011123001
31 1781409730.295452209
32 1781409730.516616075
33 1781409730.976725711
34 1781409731.226902340
35 1781409731.519223667
36 1781409731.708659080
37 1781409732.000222294
38 1781409732.245666244
39 1781409732.650204900
40 1781409732.781140529
41 1781409732.950084999
42 1781409733.185908840
43 1781409733.414077353
44 1781409733.711660563
45 1781409734.387466658
46 1781409734.563146620
47 1781409734.985989649
48 1781409735.265217666
49 1781409735.434278274
50 1781409735.686492186
51 1781409735.927284554
52 1781409736.244444869
53 1781409736.449138723
54 1781409736.848565285
55 1781409736.972492010
56 1781409737.542677972
57 1781409737.658005077
58 1781409737.956780329
59 1781409738.239366778
60 1781409738.546295912
61 1781409738.830636934
62 1781409739.207823890
63 1781409739.496014854
64 1781409739.721782362
65 1781409739.872695761
66 1781409740.148282320
67 1781409740.295821016
68 1781409740.553293656
69 1781409740.725390601
70 1781409741.021796288
71 1781409741.379842167
72 1781409741.592202324
73 1781409741.953449583
74 1781409742.172626988
75 1781409742.465585021
76 1781409742.705205017
77 1781409742.873367149
78 1781409743.247176312
79 1781409743.384907105
80 1781409743.705400643
81 1781409743.848323733
82 1781409744.286956387
83 1781409744.708381700
84 1781409744.823908978
85 1781409745.016339423
86 1781409745.274018657
87 1781409745.672979111
88 1781409745.798338372
89 1781409745.988699369
90 1781409746.148019985
91 1781409746.604168367
92 1781409747.772888490
93 1781409748.086853776
94 1781409748.575231510
95 1781409748.872275429
96 1781409749.153861599
97 1781409749.673257802
98 1781409750.515551973
99 1781409750.717810301
100 1781409751.157172975
101 1781409751.357060189
102 1781409751.691234248
103 1781409751.795396764
104 1781409752.128593035
105 1781409752.394964194
106 1781409752.576639800
107 1781409752.792469430
108 1781409753.005065031
109 1781409753.234996773
110 1781409753.604620351
111 1781409753.842322748
112 1781409754.152482171
113 1781409754.285513853
114 1781409755.174940079
115 1781409755.474504846
116 1781409755.689849197
117 1781409755.976636306
118 1781409756.294929520
119 1781409756.475354433
120 1781409756.803993519
121 1781409757.006858249
122 1781409757.211788856
123 1781409757.572521189
124 1781409757.784824764
125 1781409758.086368567
126 1781409758.280294100
127 1781409758.694221812
128 1781409759.024158732
129 1781409759.299598970
130 1781409759.573008740
131 1781409760.009116064
132 1781409760.188472797
133 1781409760.476347726
134 1781409760.675423185
135 1781409760.892830824
136 1781409761.050034455
137 1781409761.447204885
138 1781409761.606095428
139 1781409761.869531723
140 1781409762.201097063
141 1781409762.487398143
142 1781409762.858865485
143 1781409763.104090632
144 1781409763.285347180
145 1781409763.534813315
146 1781409763.684873464
147 1781409763.996264070
148 1781409764.449880868
149 1781409764.645456612
150 1781409764.890983035
151 1781409765.249370614
152 1781409765.503869903
153 1781409765.686623584
154 1781409765.953484723
155 1781409766.116894268
156 1781409766.417432417
157 1781409766.652681466
158 1781409766.929246597
159 1781409767.274176776
160 1781409767.479604297
161 1781409767.679218269
162 1781409767.893647748
163 1781409768.136140482
164 1781409768.350586731
165 1781409768.587997340
166 1781409768.834500429
167 1781409769.089188511
168 1781409769.328195539
169 1781409769.687206922
170 1781409769.809252163
171 1781409770.087183010
172 1781409770.413925719
173 1781409770.654096689
174 1781409770.937871465
175 1781409771.154285081
176 1781409771.360841083
177 1781409771.690983936
178 1781409771.820826263
179 1781409772.130957722
180 1781409772.268033145
181 1781409772.564160692
182 1781409772.748437227
183 1781409773.156507017
184 1781409773.429788786
185 1781409773.684911926
186 1781409773.872798799
187 1781409774.174637683
188 1781409774.528781864
189 1781409774.738621986
190 1781409775.031027134
191 1781409775.207571145
192 1781409775.634175981
193 1781409775.838154244
194 1781409776.094878314
195 1781409776.275220956
196 1781409776.578371254
197 1781409776.742192607
198 1781409776.986398083
199 1781409777.134900179
200 1781409777.426112374
201 1781409777.672892128
202 1781409777.962533223
203 1781409778.127654560
204 1781409778.463548460
205 1781409779.114138604
206 1781409779.384275085
207 1781409779.611416662
208 1781409780.071640656
209 1781409780.291157261
210 1781409780.837663899
211 1781409781.120702781
212 1781409781.289587568
213 1781409781.498593566
214 1781409781.742070278
215 1781409781.986895085
216 1781409782.211801650
217 1781409782.380712488
218 1781409782.622646071
219 1781409782.910668085
220 1781409783.170096025
221 1781409783.445511644
222 1781409783.802020199
223 1781409783.987264112
224 1781409784.278838623
225 1781409784.401575698
226 1781409784.622626170
227 1781409784.904814596
228 1781409785.105302844
229 1781409785.444467175
230 1781409785.593314158
231 1781409785.973717219
232 1781409786.255281363
233 1781409786.418282140
234 1781409786.645639131
235 1781409786.945573398
236 1781409787.106827743
237 1781409787.399786150
238 1781409787.600576354
239 1781409787.823480121
240 1781409788.113980272
241 1781409788.327686137
242 1781409788.485921655
243 1781409788.756959702
244 1781409788.986218268
245 1781409789.256959090
246 1781409789.485483022
247 1781409789.720541287
248 1781409789.971838225
249 1781409790.395642568
250 1781409790.560128363
251 1781409790.812584802
252 1781409791.098382815
253 1781409791.417315828
254 1781409791.656414768
255 1781409791.946119254
256 1781409792.231189743
257 1781409792.495359232
258 1781409792.755718009
259 1781409792.938484596
260 1781409793.270920081
261 1781409793.447030144
262 1781409793.700794328
263 1781409793.886153263
264 1781409794.205481773
265 1781409794.363592629
266 1781409794.616719601
267 1781409794.852210044
268 1781409795.027897258
269 1781409795.416205268
270 1781409795.631427441
271 1781409795.954714375
272 1781409796.315569721
273 1781409796.506139294
274 1781409796.717554726
275 1781409796.944361166
276 1781409797.097287656
277 1781409797.339078686
278 1781409797.508592405
279 1781409797.771465089
280 1781409797.965011598
281 1781409798.221977033
282 1781409798.494529799
283 1781409798.865014569
284 1781409799.185835024
285 1781409799.368847413
286 1781409799.783962764
287 1781409799.938246017
288 1781409800.198269670
289 1781409800.377029229
290 1781409800.674605142
291 1781409801.028569534
292 1781409801.134110539
293 1781409801.533609370
294 1781409801.694290132
295 1781409801.880568822
296 1781409802.083202005
297 1781409802.391299814
298 1781409802.542193024
299 1781409802.860493372
300 1781409803.064405720
301 1781409803.437451997
302 1781409803.644105446
303 1781409803.994724076
304 1781409804.157634601
305 1781409804.470582469
306 1781409804.658152882
307 1781409805.006235305
308 1781409805.157869519
309 1781409805.502170152
310 1781409805.678999485
311 1781409806.270826727
312 1781409807.491921390
313 1781409808.330467267
314 1781409808.654516762
315 1781409808.941533628
316 1781409809.143086051
317 1781409809.301580993
318 1781409809.586277186
319 1781409809.782610202
320 1781409810.086081274
321 1781409810.353148418
322 1781409810.667492603
323 1781409810.795486157
324 1781409811.020398625
325 1781409811.280336257
326 1781409811.462616081
327 1781409811.825465079
328 1781409812.165591644
329 1781409812.301668958
330 1781409812.452278923
331 1781409812.792027111
332 1781409812.950480072
333 1781409813.235088363
334 1781409813.479942693
335 1781409813.752084311
336 1781409814.028436788
337 1781409814.315829531
338 1781409814.714891023
339 1781409814.881894963
340 1781409815.328478961
341 1781409815.589792788
342 1781409815.777924331
343 1781409816.407939665
344 1781409816.581440346
345 1781409816.977129196
346 1781409817.205217074
347 1781409817.454439625
348 1781409817.676616003
349 1781409817.941148310
350 1781409818.319562968
351 1781409818.519336728
352 1781409818.768902056
353 1781409818.929288104
354 1781409819.233452018
355 1781409819.577300282
356 1781409819.766948514
357 1781409819.928061145
358 1781409820.324412987
359 1781409820.576420320
360 1781409820.817044612
361 1781409821.124468928
362 1781409821.363831846
363 1781409822.195113818
364 1781409822.503391449
365 1781409822.659153800
366 1781409822.983666954
367 1781409823.221274459
368 1781409823.386709041
369 1781409823.582265013
370 1781409823.780114948
371 1781409823.983435254
372 1781409824.174888030
373 1781409824.461137531
374 1781409824.682315520
375 1781409824.934861474
376 1781409825.082941942
377 1781409825.357693339
378 1781409825.628531013
379 1781409825.818392519
380 1781409826.013697857
381 1781409826.405625496
382 1781409826.652468793
383 1781409826.932593380
384 1781409827.175658937
385 1781409827.392458695
386 1781409827.689845344
387 1781409827.920100232
388 1781409828.140919965
389 1781409828.380629869
390 1781409828.519524386
391 1781409828.849136495
392 1781409828.996593711
393 1781409829.211053116
394 1781409829.402260647
395 1781409829.638649299
396 1781409829.905437398
397 1781409830.070844029
398 1781409830.239611652
399 1781409830.483016476
400 1781409830.897269592
401 1781409831.079537350
402 1781409832.069384477
403 1781409832.380800330
404 1781409832.601274002
405 1781409832.906922417
406 1781409833.058917099
407 1781409833.310930290
408 1781409833.520959457
409 1781409833.739943542
410 1781409833.907918903
411 1781409834.125030252
412 1781409834.751144888
413 1781409834.965913904
414 1781409835.306910820
415 1781409835.464908444
416 1781409835.647817174
417 1781409835.827591095
418 1781409836.074588783
419 1781409836.318074706
420 1781409836.595033994
421 1781409836.846504136
422 1781409836.989872206
423 1781409837.398069479
424 1781409837.694295177
425 1781409838.007116586
426 1781409838.209610522
427 1781409838.462671234
428 1781409838.916827045
429 1781409839.085199873
430 1781409839.372447094
431 1781409839.609540087
432 1781409839.818031145
433 1781409840.036324987
434 1781409840.387043014
435 1781409840.547497884
436 1781409840.894662025
437 1781409841.053598537
438 1781409841.372087132
439 1781409841.514561866
440 1781409841.928043276
441 1781409842.082646317
442 1781409842.510643269
443 1781409842.646466909
444 1781409842.885294854
445 1781409843.104479423
446 1781409843.443079793
447 1781409843.639625088
448 1781409843.823342533
449 1781409843.999444526
450 1781409844.305837535
451 1781409844.473714463
452 1781409844.713071429
453 1781409844.858500088
454 1781409845.077616135
455 1781409845.364196593
456 1781409845.603579968
457 1781409845.741571328
458 1781409845.997596805
459 1781409846.249356122
460 1781409846.482789447
461 1781409846.810671708
462 1781409847.056888952
463 1781409847.230658851
464 1781409847.434435372
465 1781409847.878947094
466 1781409848.029956178
467 1781409848.442825879
468 1781409849.222423587
469 1781409849.343011062
470 1781409849.617968343
471 1781409849.814301165
472 1781409850.064502213
473 1781409850.275439588
474 1781409850.572784318
475 1781409850.867724233
476 1781409851.095152426
477 1781409851.281459480
478 1781409851.635844347
479 1781409852.245856604
480 1781409852.448823189
481 1781409852.631779480
482 1781409852.999388844
483 1781409853.182213853
484 1781409853.462012125
485 1781409853.700895672
486 1781409854.014560767
487 1781409854.304219544
488 1781409854.475523957
489 1781409854.680354427
490 1781409854.865790575
491 1781409855.101691416
492 1781409855.241605153
493 1781409855.485395361
494 1781409855.640405490
495 1781409855.888109212
496 1781409856.027039920
497 1781409856.296939257
498 1781409856.423279929
499 1781409856.565282915
500 1781409856.820272683
501 1781409856.980536730
502 1781409857.324073524
503 1781409857.465500878
504 1781409857.693475471
505 1781409857.901205346
506 1781409858.238574435
507 1781409858.593600953
508 1781409858.777152646
509 1781409858.992865970
510 1781409859.263700524
511 1781409859.486586742
512 1781409859.639084033
513 1781409859.880581489
514 1781409860.098633747
515 1781409860.343690669
516 1781409861.231664674
517 1781409861.376317029
518 1781409861.661048113
519 1781409861.809353717
520 1781409862.243984114
521 1781409862.448415747
522 1781409862.611418215
523 1781409862.829965551
524 1781409863.117310174
525 1781409863.488954264
526 1781409863.944765927
527 1781409864.207462349
528 1781409864.395679319
529 1781409864.565993243
530 1781409864.714931938
531 1781409864.926386252
532 1781409865.103878791
533 1781409865.306644953
534 1781409865.544794976
535 1781409865.685580588
536 1781409866.073925120
537 1781409866.339347423
538 1781409866.547551156
539 1781409866.797650453
540 1781409866.973163814
541 1781409867.350779465
542 1781409867.665149264
543 1781409867.813298394
544 1781409868.042105782
545 1781409868.208268440
546 1781409868.422887113
547 1781409868.708250779
548 1781409868.981612980
549 1781409869.170775357
550 1781409869.408367540
551 1781409869.625667803
552 1781409869.849135742
553 1781409870.041998478
554 1781409870.365699681
555 1781409870.558192990
556 1781409870.811319164
557 1781409871.062583652
558 1781409871.375466263
559 1781409871.652211207
560 1781409871.814140935
561 1781409872.056678780
562 1781409872.213064285
563 1781409872.492170364
564 1781409872.637323188
565 1781409872.939534149
566 1781409873.127603815
567 1781409873.358657906
568 1781409873.508185342
569 1781409873.846203902
570 1781409874.167014871
571 1781409874.489089954
572 1781409874.655879502
573 1781409874.908287592
574 1781409875.142725136
575 1781409875.491402706
576 1781409875.643132503
577 1781409875.873357638
578 1781409876.032458903
579 1781409876.331421523
580 1781409876.644870654
581 1781409876.822958464
582 1781409877.017328979
583 1781409877.289189662
584 1781409877.447643975
585 1781409877.757795985
586 1781409877.941413108
587 1781409878.263193515
588 1781409878.493911209
589 1781409878.762457431
590 1781409878.932992010
591 1781409879.495128403
592 1781409879.761345033
593 1781409879.908932943
594 1781409880.103512622
595 1781409880.332376103
596 1781409880.504984651
597 1781409880.724123430
598 1781409880.863357644
599 1781409881.082330249
600 1781409881.306019733
601 1781409881.464106040
602 1781409881.895301635
603 1781409882.080324555
604 1781409882.357225264
605 1781409882.557207385
606 1781409882.840003154
607 1781409883.077899203
608 1781409883.345848095
609 1781409883.494396673
610 1781409883.739637570
611 1781409884.079567718
612 1781409884.202231732
613 1781409884.675808070
614 1781409885.176203719
615 1781409885.293834939
616 1781409885.611590232
617 1781409885.756818558
618 1781409886.033474733
619 1781409886.184653701
620 1781409886.460315576
621 1781409886.597008973
622 1781409887.024909796
623 1781409887.343468394
624 1781409887.600347889
625 1781409887.774953825
626 1781409888.136021468
627 1781409888.308311420
628 1781409888.561009457
629 1781409888.689881477
630 1781409888.879673417
631 1781409889.158188576
632 1781409889.362088199
633 1781409889.582252717
634 1781409889.900266745
635 1781409890.155847405
636 1781409890.342055388
637 1781409890.599900981
638 1781409890.788952177
639 1781409890.970336849
640 1781409891.123570505
641 1781409891.412872136
642 1781409891.585871842
643 1781409891.798165842
644 1781409891.998851616
645 1781409892.270844963
646 1781409892.553093902
647 1781409892.708546740
648 1781409892.990016144
649 1781409893.294422238
650 1781409893.692942161
651 1781409893.842623261
652 1781409894.228781013
653 1781409894.404263025
654 1781409894.659838995
655 1781409894.795196427
656 1781409895.305192737
657 1781409895.482235239
658 1781409895.687003950
659 1781409895.797307683
660 1781409896.007421254
661 1781409896.199637439
662 1781409896.470336793
663 1781409896.630329346
664 1781409896.865204080
665 1781409897.036379212
666 1781409897.199563025
667 1781409897.483837053
668 1781409897.973586485
669 1781409898.141812002
670 1781409898.592636515
671 1781409898.866529039
672 1781409899.055711048
673 1781409899.309182789
674 1781409899.493148251
675 1781409899.758385913
676 1781409900.009489420
677 1781409900.473363918
678 1781409900.661272333
679 1781409900.929839437
680 1781409901.075158646
